[dannydan0167.nekoweb.org/pixelit/index.html]
[cdnjs.cloudflare.com/ajax/libs/font-awesome/6.5.1/css/all.min.css]
[dannydan0167.nekoweb.org/pixelit/img/favicon.ico]
[backblue.gif]
[fade.gif]
[index.html]
[dannydan0167.nekoweb.org/pixelit/css/home.css]
[dannydan0167.nekoweb.org/pixelit/login.html]
[dannydan0167.nekoweb.org/pixelit/register.html]
[dannydan0167.nekoweb.org/pixelit/news.html]
[dannydan0167.nekoweb.org/pixelit/credits.html]
[dannydan0167.nekoweb.org/pixelit/img/home/homeBlooks.png]
[dannydan0167.nekoweb.org/pixelit/tos.html]
[dannydan0167.nekoweb.org/pixelit/javascript/home.js]
[dannydan0167.nekoweb.org/pixelit/index.html]
[cdnjs.cloudflare.com/ajax/libs/font-awesome/6.5.1/css/all.min.css]
[dannydan0167.nekoweb.org/pixelit/javascript/themes.js]
[dannydan0167.nekoweb.org/pixelit/css/home.css]
[ac.blooket.com/dashboard/assets/BlookCheckers-BykpA7vd.png]
[dannydan0167.nekoweb.org/pixelit/css/login.css]
[cdn.socket.io/4.7.5/socket.io.min.js]
[dannydan0167.nekoweb.org/pixelit/api/login.js]
[dannydan0167.nekoweb.org/pixelit/api/loggedin.js]
[dannydan0167.nekoweb.org/pixelit/login.html]
[dannydan0167.nekoweb.org/pixelit/css/register.css]
[dannydan0167.nekoweb.org/pixelit/css/global.css]
[dannydan0167.nekoweb.org/pixelit/api/register.17.delayed]
[dannydan0167.nekoweb.org/pixelit/register.html]
[dannydan0167.nekoweb.org/pixelit/css/news.css]
[dannydan0167.nekoweb.org/pixelit/news.html]
[dannydan0167.nekoweb.org/pixelit/javascript/news.js]
[dannydan0167.nekoweb.org/pixelit/css/credits.css]
[dannydan0167.nekoweb.org/pixelit/img/badges/Owner.png]
[dannydan0167.nekoweb.org/pixelit/img/blooks/OG/IzumiiHD.png]
[dannydan0167.nekoweb.org/pixelit/img/blooks/logo.png]
[dannydan0167.nekoweb.org/pixelit/img/badges/Artist.png]
[dannydan0167.nekoweb.org/pixelit/img/blooks/OG/FrostyIce109.png]
[dannydan0167.nekoweb.org/pixelit/img/blooks/OG/Solid_Snake.png]
[dannydan0167.nekoweb.org/pixelit/credits.html]
[dannydan0167.nekoweb.org/pixelit/tos.html]
[dannydan0167.nekoweb.org/pixelit/css/login.css]
[dannydan0167.nekoweb.org/pixelit/api/login.html]
[dannydan0167.nekoweb.org/pixelit/api/loggedin.html]
[dannydan0167.nekoweb.org/pixelit/css/register.css]
[dannydan0167.nekoweb.org/pixelit/css/global.css]
[dannydan0167.nekoweb.org/pixelit/api/register.html]
[dannydan0167.nekoweb.org/pixelit/css/news.css]
[dannydan0167.nekoweb.org/pixelit/css/credits.css]
[dannydan0167.nekoweb.org/pixelit/css/tos.css]
[dannydan0167.nekoweb.org/pixelit/css/tos.css]
